[2026-06-27T23:18:25.333Z] Could not count existing questions. Database may not exist yet.
[2026-06-27T23:18:25.509Z] Batch 1 failed entirely: getaddrinfo ENOTFOUND dpg-xxxxx.render.com
[2026-06-27T23:18:25.965Z] Batch 1 failed entirely: getaddrinfo ENOTFOUND dpg-xxxxx.render.com
[2026-06-27T23:18:26.854Z] Batch 1 failed entirely: getaddrinfo ENOTFOUND dpg-xxxxx.render.com
[2026-06-27T23:18:28.347Z] Batch 1 failed entirely: getaddrinfo ENOTFOUND dpg-xxxxx.render.com
[2026-06-27T23:18:30.200Z] Batch 1 failed entirely: getaddrinfo ENOTFOUND dpg-xxxxx.render.com
[2026-06-27T23:18:32.337Z] Batch 1 failed entirely: getaddrinfo ENOTFOUND dpg-xxxxx.render.com
[2026-06-27T23:18:34.556Z] Batch 1 failed entirely: getaddrinfo ENOTFOUND dpg-xxxxx.render.com
[2026-06-27T23:18:37.053Z] Batch 1 failed entirely: getaddrinfo ENOTFOUND dpg-xxxxx.render.com
[2026-06-27T23:18:39.961Z] Batch 1 failed entirely: getaddrinfo ENOTFOUND dpg-xxxxx.render.com
[2026-06-27T23:18:43.139Z] Batch 1 failed entirely: getaddrinfo ENOTFOUND dpg-xxxxx.render.com
[2026-06-27T23:18:46.755Z] Batch 1 failed entirely: getaddrinfo ENOTFOUND dpg-xxxxx.render.com
[2026-06-27T23:18:49.507Z] Batch 1 failed entirely: getaddrinfo ENOTFOUND dpg-xxxxx.render.com
[2026-06-27T23:18:51.237Z] Batch 1 failed entirely: getaddrinfo ENOTFOUND dpg-xxxxx.render.com
[2026-06-27T23:18:52.646Z] Batch 1 failed entirely: getaddrinfo ENOTFOUND dpg-xxxxx.render.com
[2026-06-27T23:18:53.520Z] Batch 1 failed entirely: getaddrinfo ENOTFOUND dpg-xxxxx.render.com
[2026-06-27T23:18:54.341Z] Batch 1 failed entirely: getaddrinfo ENOTFOUND dpg-xxxxx.render.com
[2026-06-27T23:18:55.056Z] Batch 1 failed entirely: getaddrinfo ENOTFOUND dpg-xxxxx.render.com
[2026-06-27T23:18:55.637Z] Batch 1 failed entirely: getaddrinfo ENOTFOUND dpg-xxxxx.render.com
[2026-06-27T23:18:56.184Z] Batch 1 failed entirely: getaddrinfo ENOTFOUND dpg-xxxxx.render.com
[2026-06-27T23:18:56.859Z] Batch 1 failed entirely: getaddrinfo ENOTFOUND dpg-xxxxx.render.com
[2026-06-27T23:18:56.869Z] Could not count existing questions. Database may not exist yet.
[2026-06-27T23:22:08.690Z] Could not count existing questions. Database may not exist yet.
[2026-06-27T23:22:11.438Z] Batch 1 failed entirely: getaddrinfo ENOTFOUND dpg-d905cmurnols73ec6rmg-a
[2026-06-27T23:22:13.172Z] Batch 1 failed entirely: getaddrinfo ENOTFOUND dpg-d905cmurnols73ec6rmg-a
[2026-06-27T23:22:15.235Z] Batch 1 failed entirely: getaddrinfo ENOTFOUND dpg-d905cmurnols73ec6rmg-a
[2026-06-27T23:22:17.641Z] Batch 1 failed entirely: getaddrinfo ENOTFOUND dpg-d905cmurnols73ec6rmg-a
[2026-06-27T23:22:20.361Z] Batch 1 failed entirely: getaddrinfo ENOTFOUND dpg-d905cmurnols73ec6rmg-a
[2026-06-27T23:22:23.407Z] Batch 1 failed entirely: getaddrinfo ENOTFOUND dpg-d905cmurnols73ec6rmg-a
[2026-06-27T23:22:26.768Z] Batch 1 failed entirely: getaddrinfo ENOTFOUND dpg-d905cmurnols73ec6rmg-a
[2026-06-27T23:22:30.623Z] Batch 1 failed entirely: getaddrinfo ENOTFOUND dpg-d905cmurnols73ec6rmg-a
[2026-06-27T23:22:35.033Z] Batch 1 failed entirely: getaddrinfo ENOTFOUND dpg-d905cmurnols73ec6rmg-a
[2026-06-27T23:22:39.439Z] Batch 1 failed entirely: getaddrinfo ENOTFOUND dpg-d905cmurnols73ec6rmg-a
[2026-06-27T23:22:44.390Z] Batch 1 failed entirely: getaddrinfo ENOTFOUND dpg-d905cmurnols73ec6rmg-a
[2026-06-27T23:22:48.438Z] Batch 1 failed entirely: getaddrinfo ENOTFOUND dpg-d905cmurnols73ec6rmg-a
[2026-06-27T23:22:51.762Z] Batch 1 failed entirely: getaddrinfo ENOTFOUND dpg-d905cmurnols73ec6rmg-a
[2026-06-27T23:22:54.360Z] Batch 1 failed entirely: getaddrinfo ENOTFOUND dpg-d905cmurnols73ec6rmg-a
[2026-06-27T23:22:56.674Z] Batch 1 failed entirely: getaddrinfo ENOTFOUND dpg-d905cmurnols73ec6rmg-a
[2026-06-27T23:22:58.829Z] Batch 1 failed entirely: getaddrinfo ENOTFOUND dpg-d905cmurnols73ec6rmg-a
[2026-06-27T23:23:00.688Z] Batch 1 failed entirely: getaddrinfo ENOTFOUND dpg-d905cmurnols73ec6rmg-a
[2026-06-27T23:23:02.532Z] Batch 1 failed entirely: getaddrinfo ENOTFOUND dpg-d905cmurnols73ec6rmg-a
[2026-06-27T23:23:04.465Z] Batch 1 failed entirely: getaddrinfo ENOTFOUND dpg-d905cmurnols73ec6rmg-a
[2026-06-27T23:23:06.920Z] Batch 1 failed entirely: getaddrinfo ENOTFOUND dpg-d905cmurnols73ec6rmg-a
[2026-06-27T23:23:08.160Z] Could not count existing questions. Database may not exist yet.
[2026-06-27T23:33:03.605Z] Could not count existing questions. Database may not exist yet.
[2026-06-27T23:33:04.898Z] Batch 1 failed entirely: read ECONNRESET
[2026-06-27T23:33:06.011Z] Batch 1 failed entirely: read ECONNRESET
[2026-06-27T23:33:07.521Z] Batch 1 failed entirely: read ECONNRESET
[2026-06-27T23:33:09.494Z] Batch 1 failed entirely: read ECONNRESET
[2026-06-27T23:33:11.873Z] Batch 1 failed entirely: read ECONNRESET
[2026-06-27T23:33:14.533Z] Batch 1 failed entirely: SSL/TLS required
[2026-06-27T23:33:17.926Z] Batch 1 failed entirely: read ECONNRESET
[2026-06-27T23:33:21.439Z] Batch 1 failed entirely: read ECONNRESET
[2026-06-27T23:33:25.563Z] Batch 1 failed entirely: read ECONNRESET
[2026-06-27T23:33:30.297Z] Batch 1 failed entirely: read ECONNRESET
[2026-06-27T23:33:35.591Z] Batch 1 failed entirely: read ECONNRESET
[2026-06-27T23:33:40.150Z] Batch 1 failed entirely: read ECONNRESET
[2026-06-27T23:33:42.877Z] Batch 1 failed entirely: read ECONNRESET
[2026-06-27T23:33:44.970Z] Batch 1 failed entirely: read ECONNRESET
[2026-06-27T23:33:46.555Z] Batch 1 failed entirely: read ECONNRESET
[2026-06-27T23:33:48.164Z] Batch 1 failed entirely: read ECONNRESET
[2026-06-27T23:33:49.596Z] Batch 1 failed entirely: read ECONNRESET
[2026-06-27T23:33:51.180Z] Batch 1 failed entirely: SSL/TLS required
[2026-06-27T23:33:52.400Z] Batch 1 failed entirely: read ECONNRESET
[2026-06-27T23:33:53.537Z] Batch 1 failed entirely: read ECONNRESET
[2026-06-27T23:33:54.053Z] Could not count existing questions. Database may not exist yet.
