[2026-06-27T23:18:25.350Z] Need to generate: 5000 questions (existing: 0, target: 5000)
[2026-06-27T23:18:25.500Z] Starting batch insertion: 242 questions in 1 batches of 250
[2026-06-27T23:18:25.500Z] Inserting batch 1/1 (242 questions)...
[2026-06-27T23:18:25.954Z] Starting batch insertion: 239 questions in 1 batches of 250
[2026-06-27T23:18:25.954Z] Inserting batch 1/1 (239 questions)...
[2026-06-27T23:18:26.845Z] Starting batch insertion: 245 questions in 1 batches of 250
[2026-06-27T23:18:26.845Z] Inserting batch 1/1 (245 questions)...
[2026-06-27T23:18:28.338Z] Starting batch insertion: 243 questions in 1 batches of 250
[2026-06-27T23:18:28.338Z] Inserting batch 1/1 (243 questions)...
[2026-06-27T23:18:30.191Z] Starting batch insertion: 243 questions in 1 batches of 250
[2026-06-27T23:18:30.192Z] Inserting batch 1/1 (243 questions)...
[2026-06-27T23:18:32.320Z] Starting batch insertion: 242 questions in 1 batches of 250
[2026-06-27T23:18:32.321Z] Inserting batch 1/1 (242 questions)...
[2026-06-27T23:18:34.543Z] Starting batch insertion: 243 questions in 1 batches of 250
[2026-06-27T23:18:34.543Z] Inserting batch 1/1 (243 questions)...
[2026-06-27T23:18:37.044Z] Starting batch insertion: 242 questions in 1 batches of 250
[2026-06-27T23:18:37.044Z] Inserting batch 1/1 (242 questions)...
[2026-06-27T23:18:39.947Z] Starting batch insertion: 240 questions in 1 batches of 250
[2026-06-27T23:18:39.947Z] Inserting batch 1/1 (240 questions)...
[2026-06-27T23:18:43.103Z] Starting batch insertion: 240 questions in 1 batches of 250
[2026-06-27T23:18:43.103Z] Inserting batch 1/1 (240 questions)...
[2026-06-27T23:18:46.752Z] Starting batch insertion: 237 questions in 1 batches of 250
[2026-06-27T23:18:46.752Z] Inserting batch 1/1 (237 questions)...
[2026-06-27T23:18:49.504Z] Starting batch insertion: 166 questions in 1 batches of 250
[2026-06-27T23:18:49.504Z] Inserting batch 1/1 (166 questions)...
[2026-06-27T23:18:51.234Z] Starting batch insertion: 88 questions in 1 batches of 250
[2026-06-27T23:18:51.234Z] Inserting batch 1/1 (88 questions)...
[2026-06-27T23:18:52.643Z] Starting batch insertion: 65 questions in 1 batches of 250
[2026-06-27T23:18:52.643Z] Inserting batch 1/1 (65 questions)...
[2026-06-27T23:18:53.513Z] Starting batch insertion: 33 questions in 1 batches of 250
[2026-06-27T23:18:53.513Z] Inserting batch 1/1 (33 questions)...
[2026-06-27T23:18:54.331Z] Starting batch insertion: 23 questions in 1 batches of 250
[2026-06-27T23:18:54.331Z] Inserting batch 1/1 (23 questions)...
[2026-06-27T23:18:55.044Z] Starting batch insertion: 17 questions in 1 batches of 250
[2026-06-27T23:18:55.044Z] Inserting batch 1/1 (17 questions)...
[2026-06-27T23:18:55.629Z] Starting batch insertion: 11 questions in 1 batches of 250
[2026-06-27T23:18:55.629Z] Inserting batch 1/1 (11 questions)...
[2026-06-27T23:18:56.167Z] Starting batch insertion: 5 questions in 1 batches of 250
[2026-06-27T23:18:56.167Z] Inserting batch 1/1 (5 questions)...
[2026-06-27T23:18:56.829Z] Starting batch insertion: 12 questions in 1 batches of 250
[2026-06-27T23:18:56.829Z] Inserting batch 1/1 (12 questions)...
[2026-06-27T23:18:56.871Z] === SEED COMPLETE ===
[2026-06-27T23:18:56.871Z] Existing: 0
[2026-06-27T23:18:56.871Z] Generated: 0
[2026-06-27T23:18:56.871Z] Errors: 3076
[2026-06-27T23:18:56.871Z] Final total: 0
[2026-06-27T23:18:56.871Z] Target: 5000
[2026-06-27T23:18:56.871Z] Time: 31.6s
[2026-06-27T23:22:09.956Z] Need to generate: 5000 questions (existing: 0, target: 5000)
[2026-06-27T23:22:10.121Z] Starting batch insertion: 242 questions in 1 batches of 250
[2026-06-27T23:22:10.121Z] Inserting batch 1/1 (242 questions)...
[2026-06-27T23:22:11.912Z] Starting batch insertion: 240 questions in 1 batches of 250
[2026-06-27T23:22:11.912Z] Inserting batch 1/1 (240 questions)...
[2026-06-27T23:22:13.930Z] Starting batch insertion: 246 questions in 1 batches of 250
[2026-06-27T23:22:13.930Z] Inserting batch 1/1 (246 questions)...
[2026-06-27T23:22:16.343Z] Starting batch insertion: 245 questions in 1 batches of 250
[2026-06-27T23:22:16.343Z] Inserting batch 1/1 (245 questions)...
[2026-06-27T23:22:19.090Z] Starting batch insertion: 240 questions in 1 batches of 250
[2026-06-27T23:22:19.090Z] Inserting batch 1/1 (240 questions)...
[2026-06-27T23:22:22.141Z] Starting batch insertion: 242 questions in 1 batches of 250
[2026-06-27T23:22:22.141Z] Inserting batch 1/1 (242 questions)...
[2026-06-27T23:22:25.521Z] Starting batch insertion: 243 questions in 1 batches of 250
[2026-06-27T23:22:25.521Z] Inserting batch 1/1 (243 questions)...
[2026-06-27T23:22:29.358Z] Starting batch insertion: 244 questions in 1 batches of 250
[2026-06-27T23:22:29.358Z] Inserting batch 1/1 (244 questions)...
[2026-06-27T23:22:33.749Z] Starting batch insertion: 240 questions in 1 batches of 250
[2026-06-27T23:22:33.749Z] Inserting batch 1/1 (240 questions)...
[2026-06-27T23:22:38.165Z] Starting batch insertion: 241 questions in 1 batches of 250
[2026-06-27T23:22:38.165Z] Inserting batch 1/1 (241 questions)...
[2026-06-27T23:22:43.121Z] Starting batch insertion: 243 questions in 1 batches of 250
[2026-06-27T23:22:43.122Z] Inserting batch 1/1 (243 questions)...
[2026-06-27T23:22:47.148Z] Starting batch insertion: 164 questions in 1 batches of 250
[2026-06-27T23:22:47.148Z] Inserting batch 1/1 (164 questions)...
[2026-06-27T23:22:50.497Z] Starting batch insertion: 99 questions in 1 batches of 250
[2026-06-27T23:22:50.497Z] Inserting batch 1/1 (99 questions)...
[2026-06-27T23:22:53.091Z] Starting batch insertion: 56 questions in 1 batches of 250
[2026-06-27T23:22:53.091Z] Inserting batch 1/1 (56 questions)...
[2026-06-27T23:22:55.404Z] Starting batch insertion: 38 questions in 1 batches of 250
[2026-06-27T23:22:55.404Z] Inserting batch 1/1 (38 questions)...
[2026-06-27T23:22:57.550Z] Starting batch insertion: 27 questions in 1 batches of 250
[2026-06-27T23:22:57.550Z] Inserting batch 1/1 (27 questions)...
[2026-06-27T23:22:59.424Z] Starting batch insertion: 8 questions in 1 batches of 250
[2026-06-27T23:22:59.424Z] Inserting batch 1/1 (8 questions)...
[2026-06-27T23:23:01.271Z] Starting batch insertion: 8 questions in 1 batches of 250
[2026-06-27T23:23:01.271Z] Inserting batch 1/1 (8 questions)...
[2026-06-27T23:23:03.186Z] Starting batch insertion: 7 questions in 1 batches of 250
[2026-06-27T23:23:03.186Z] Inserting batch 1/1 (7 questions)...
[2026-06-27T23:23:05.629Z] Starting batch insertion: 11 questions in 1 batches of 250
[2026-06-27T23:23:05.629Z] Inserting batch 1/1 (11 questions)...
[2026-06-27T23:23:08.162Z] === SEED COMPLETE ===
[2026-06-27T23:23:08.162Z] Existing: 0
[2026-06-27T23:23:08.162Z] Generated: 0
[2026-06-27T23:23:08.162Z] Errors: 3084
[2026-06-27T23:23:08.162Z] Final total: 0
[2026-06-27T23:23:08.162Z] Target: 5000
[2026-06-27T23:23:08.162Z] Time: 59.5s
[2026-06-27T23:33:04.145Z] Need to generate: 5000 questions (existing: 0, target: 5000)
[2026-06-27T23:33:04.358Z] Starting batch insertion: 239 questions in 1 batches of 250
[2026-06-27T23:33:04.358Z] Inserting batch 1/1 (239 questions)...
[2026-06-27T23:33:05.460Z] Starting batch insertion: 237 questions in 1 batches of 250
[2026-06-27T23:33:05.461Z] Inserting batch 1/1 (237 questions)...
[2026-06-27T23:33:06.985Z] Starting batch insertion: 241 questions in 1 batches of 250
[2026-06-27T23:33:06.985Z] Inserting batch 1/1 (241 questions)...
[2026-06-27T23:33:08.959Z] Starting batch insertion: 242 questions in 1 batches of 250
[2026-06-27T23:33:08.959Z] Inserting batch 1/1 (242 questions)...
[2026-06-27T23:33:11.345Z] Starting batch insertion: 242 questions in 1 batches of 250
[2026-06-27T23:33:11.345Z] Inserting batch 1/1 (242 questions)...
[2026-06-27T23:33:14.005Z] Starting batch insertion: 240 questions in 1 batches of 250
[2026-06-27T23:33:14.005Z] Inserting batch 1/1 (240 questions)...
[2026-06-27T23:33:17.397Z] Starting batch insertion: 245 questions in 1 batches of 250
[2026-06-27T23:33:17.397Z] Inserting batch 1/1 (245 questions)...
[2026-06-27T23:33:20.903Z] Starting batch insertion: 246 questions in 1 batches of 250
[2026-06-27T23:33:20.903Z] Inserting batch 1/1 (246 questions)...
[2026-06-27T23:33:24.980Z] Starting batch insertion: 241 questions in 1 batches of 250
[2026-06-27T23:33:24.980Z] Inserting batch 1/1 (241 questions)...
[2026-06-27T23:33:29.764Z] Starting batch insertion: 241 questions in 1 batches of 250
[2026-06-27T23:33:29.764Z] Inserting batch 1/1 (241 questions)...
[2026-06-27T23:33:35.052Z] Starting batch insertion: 241 questions in 1 batches of 250
[2026-06-27T23:33:35.052Z] Inserting batch 1/1 (241 questions)...
[2026-06-27T23:33:39.013Z] Starting batch insertion: 151 questions in 1 batches of 250
[2026-06-27T23:33:39.013Z] Inserting batch 1/1 (151 questions)...
[2026-06-27T23:33:42.344Z] Starting batch insertion: 93 questions in 1 batches of 250
[2026-06-27T23:33:42.344Z] Inserting batch 1/1 (93 questions)...
[2026-06-27T23:33:44.449Z] Starting batch insertion: 52 questions in 1 batches of 250
[2026-06-27T23:33:44.449Z] Inserting batch 1/1 (52 questions)...
[2026-06-27T23:33:46.035Z] Starting batch insertion: 34 questions in 1 batches of 250
[2026-06-27T23:33:46.035Z] Inserting batch 1/1 (34 questions)...
[2026-06-27T23:33:47.635Z] Starting batch insertion: 31 questions in 1 batches of 250
[2026-06-27T23:33:47.637Z] Inserting batch 1/1 (31 questions)...
[2026-06-27T23:33:49.074Z] Starting batch insertion: 21 questions in 1 batches of 250
[2026-06-27T23:33:49.074Z] Inserting batch 1/1 (21 questions)...
[2026-06-27T23:33:50.661Z] Starting batch insertion: 26 questions in 1 batches of 250
[2026-06-27T23:33:50.661Z] Inserting batch 1/1 (26 questions)...
[2026-06-27T23:33:51.870Z] Starting batch insertion: 11 questions in 1 batches of 250
[2026-06-27T23:33:51.870Z] Inserting batch 1/1 (11 questions)...
[2026-06-27T23:33:53.020Z] Starting batch insertion: 5 questions in 1 batches of 250
[2026-06-27T23:33:53.020Z] Inserting batch 1/1 (5 questions)...
[2026-06-27T23:33:54.054Z] === SEED COMPLETE ===
[2026-06-27T23:33:54.054Z] Existing: 0
[2026-06-27T23:33:54.054Z] Generated: 0
[2026-06-27T23:33:54.054Z] Errors: 3079
[2026-06-27T23:33:54.054Z] Final total: 0
[2026-06-27T23:33:54.054Z] Target: 5000
[2026-06-27T23:33:54.054Z] Time: 50.5s
[2026-06-27T23:34:29.120Z] Need to generate: 5000 questions (existing: 0, target: 5000)
[2026-06-27T23:34:29.351Z] Starting batch insertion: 241 questions in 1 batches of 250
[2026-06-27T23:34:29.351Z] Inserting batch 1/1 (241 questions)...
[2026-06-27T23:35:53.410Z] Starting batch insertion: 245 questions in 1 batches of 250
[2026-06-27T23:35:53.410Z] Inserting batch 1/1 (245 questions)...
[2026-06-27T23:37:19.081Z] Starting batch insertion: 245 questions in 1 batches of 250
[2026-06-27T23:37:19.081Z] Inserting batch 1/1 (245 questions)...
[2026-06-27T23:38:40.113Z] Starting batch insertion: 240 questions in 1 batches of 250
[2026-06-27T23:38:40.113Z] Inserting batch 1/1 (240 questions)...
